// Jest Snapshot v1, https://goo.gl/fbAQLP

exports[`renders correctly 1`] = `
<div>
  <CommentForm
    bodyInputID="comments-replyCommentForm-rte-reply-0"
    bodyLabel={
      <React.Fragment>
        <Localized
          id="comments-replyCommentForm-rteLabel"
        >
          <ForwardRef(forwardRef)
            component="label"
            htmlFor="comments-replyCommentForm-rte-reply-0"
          >
            Write a reply
          </ForwardRef(forwardRef)>
        </Localized>
        <ReplyTo
          username="parent-user-0"
        />
      </React.Fragment>
    }
    classes={
      Object {
        "cancelButton": "coral coral-createReplyComment-cancel",
        "disabledMessage": "coral coral-createComment-disabledMessage",
        "root": "coral coral-createReplyComment",
        "rteFocus": "coral coral-createComment-rteFocus",
        "submitButton": "coral coral-createReplyComment-submit",
      }
    }
    disabled={false}
    max={500}
    min={3}
    onCancel={[Function]}
    onChange={[Function]}
    onFocus={[Function]}
    onSubmit={[Function]}
    placeHolderId="comments-replyCommentForm-rte"
    placeholder="Write a reply"
    siteID="site-0"
    topBorder={false}
  />
</div>
`;
